venv\Scripts\python.exe
 : Creating test 
database for alias 
'default'...
At line:1 char:1
+ venv\Scripts\python.e
xe manage.py test 
apps.core > 
test_output.txt 2> ...
+ ~~~~~~~~~~~~~~~~~~~~~
~~~~~~~~~~~~~~~~~~~~~~~
~~~~~~~~~~~~~~~~~~~~~~~
~~
    + CategoryInfo     
         : NotSpecifi  
  ed: (Creating test   
  d...as 'default'.    
..:String) [], Rem    
oteException
    + FullyQualifiedEr 
   rorId : NativeComm  
  andError
 

.....F.
=======================
=======================
=======================
=
FAIL: test_globalslug_u
pserts_on_slug_change (
apps.core.tests.GlobalS
lugTests.test_globalslu
g_upserts_on_slug_chang
e)
-----------------------
-----------------------
-----------------------
-
Traceback (most recent 
call last):
  File "D:\python-cms-v
2\apps\core\tests.py", 
line 30, in test_global
slug_upserts_on_slug_ch
ange
    self.assertFalse(Gl
obalSlug.objects.filter
(slug='old-slug').exist
s())
    ~~~~~~~~~~~~~~~~^^^
^^^^^^^^^^^^^^^^^^^^^^^
^^^^^^^^^^^^^^^^^^^^^^^
^^^^
AssertionError: True 
is not false

-----------------------
-----------------------
-----------------------
-
Ran 7 tests in 0.016s

FAILED (failures=1)
Destroying test 
database for alias 
'default'...

Found 7 test(s).
System check identified no issues (0 silenced).
